1. Fetching No Due Requests...
Fetched 1 requests.
{
  "msg": "Request found",
  "req": {
    "id": 3,
    "student_id": 2,
    "semester": 8,
    "office_status": "Approved",
    "staff_status": "Pending",
    "hod_status": "Pending",
    "status": "Pending",
    "created_at": "2026-02-02T12:31:30.018Z",
    "remarks": null,
    "principal_status": "Pending",
    "ccs336_status": "Pending",
    "ccs337_status": "Pending",
    "ccs338_status": "Pending",
    "ccs354_status": "Pending",
    "ccs356_status": "Pending",
    "cs3491_status": "Pending",
    "nm001_status": "Pending",
    "nm002_status": "Pending",
    "obt352_status": "Pending",
    "ss001_status": "Pending",
    "name": "Afrin Nibisha",
    "roll_no": "960623104004",
    "year": 3,
    "section": "A",
    "department": "CSE"
  }
}

2. Testing 'Invalid stage' scenario...
Scenario A (No field/stage) Status: 400
{
  "message": "Invalid stage"
}
Scenario B (Empty field) Status: 400
{
  "message": "Invalid stage"
}
Scenario C: Valid field 'ccs336_status'
Scenario C Status: 400
{
  "message": "Invalid stage"
}

3. Deleting Request ID: 3
Test Error: Unexpected token '<', "<!DOCTYPE "... is not valid JSON
1. Fetching No Due Requests...
Fetched 1 requests.
{
  "msg": "Request found",
  "req": {
    "id": 3,
    "student_id": 2,
    "semester": 8,
    "office_status": "Approved",
    "staff_status": "Pending",
    "hod_status": "Pending",
    "status": "Pending",
    "created_at": "2026-02-02T12:31:30.018Z",
    "remarks": null,
    "principal_status": "Pending",
    "ccs336_status": "Pending",
    "ccs337_status": "Pending",
    "ccs338_status": "Pending",
    "ccs354_status": "Pending",
    "ccs356_status": "Pending",
    "cs3491_status": "Pending",
    "nm001_status": "Pending",
    "nm002_status": "Pending",
    "obt352_status": "Pending",
    "ss001_status": "Pending",
    "name": "Afrin Nibisha",
    "roll_no": "960623104004",
    "year": 3,
    "section": "A",
    "department": "CSE"
  }
}

2. Testing 'Invalid stage' scenario...
Scenario A (No field/stage) Status: 400
{
  "message": "Invalid field/stage",
  "received": {}
}
Scenario B (Empty field) Status: 400
{
  "message": "Invalid field/stage",
  "received": {
    "field": ""
  }
}
Scenario C: Valid field 'ccs336_status'
Scenario C Status: 200
{
  "message": "Updated successfully",
  "field": "ccs336_status",
  "status": "Approved"
}

3. Deleting Request ID: 3
Delete Status: 200
{
  "message": "No Due request deleted successfully"
}
